08:12:17 **** Clean-only build of configuration Debug for project bai4 ****
make -j8 clean 
rm -rf ./Startup/startup_stm32f401retx.d ./Startup/startup_stm32f401retx.o
rm -rf ./Src/bai1.cyclo ./Src/bai1.d ./Src/bai1.o ./Src/bai1.su ./Src/syscalls.cyclo ./Src/syscalls.d ./Src/syscalls.o ./Src/syscalls.su ./Src/sysmem.cyclo ./Src/sysmem.d ./Src/sysmem.o ./Src/sysmem.su
rm -rf ./SDK_1.0.3_NUCLEO-F401RE/shared/Utilities/buff.cyclo ./SDK_1.0.3_NUCLEO-F401RE/shared/Utilities/buff.d ./SDK_1.0.3_NUCLEO-F401RE/shared/Utilities/buff.o ./SDK_1.0.3_NUCLEO-F401RE/shared/Utilities/buff.su ./SDK_1.0.3_NUCLEO-F401RE/shared/Utilities/utilities.cyclo ./SDK_1.0.3_NUCLEO-F401RE/shared/Utilities/utilities.d ./SDK_1.0.3_NUCLEO-F401RE/shared/Utilities/utilities.o ./SDK_1.0.3_NUCLEO-F401RE/shared/Utilities/utilities.su
rm -rf ./SDK_1.0.3_NUCLEO-F401RE/shared/Drivers/STM32F401RE_StdPeriph_Driver/src/stm32f401re_rcc.cyclo ./SDK_1.0.3_NUCLEO-F401RE/shared/Drivers/STM32F401RE_StdPeriph_Driver/src/stm32f401re_rcc.d ./SDK_1.0.3_NUCLEO-F401RE/shared/Drivers/STM32F401RE_StdPeriph_Driver/src/stm32f401re_rcc.o ./SDK_1.0.3_NUCLEO-F401RE/shared/Drivers/STM32F401RE_StdPeriph_Driver/src/stm32f401re_rcc.su
rm -rf ./SDK_1.0.3_NUCLEO-F401RE/shared/Drivers/CMSIS/Source/system_stm32f4xx.cyclo ./SDK_1.0.3_NUCLEO-F401RE/shared/Drivers/CMSIS/Source/system_stm32f4xx.d ./SDK_1.0.3_NUCLEO-F401RE/shared/Drivers/CMSIS/Source/system_stm32f4xx.o ./SDK_1.0.3_NUCLEO-F401RE/shared/Drivers/CMSIS/Source/system_stm32f4xx.su
rm -rf bai4.elf bai4.list bai4.map default.size.stdout
 
08:12:17 **** Incremental Build of configuration Debug for project bai4 ****
make -j8 all 
arm-none-eabi-gcc -mcpu=cortex-m4 -g3 -DDEBUG -c -x assembler-with-cpp -MMD -MP -MF"Startup/startup_stm32f401retx.d" -MT"Startup/startup_stm32f401retx.o" --specs=nano.specs -mfpu=fpv4-sp-d16 -mfloat-abi=hard -mthumb -o "Startup/startup_stm32f401retx.o" "../Startup/startup_stm32f401retx.s"
arm-none-eabi-gcc "../Src/bai2.c" -mcpu=cortex-m4 -std=gnu11 -g3 -DDEBUG -DNUCLEO_F401RE -DSTM32 -DSTM32F401RETx -DSTM32F4 -c -I../Inc -I"F:/Embedded_&_IOT/SDK_1.0.3_NUCLEO-F401RE/shared/Drivers/CMSIS/Include" -I"F:/Embedded_&_IOT/SDK_1.0.3_NUCLEO-F401RE/shared/Drivers/STM32F401RE_StdPeriph_Driver/inc" -I"F:/Embedded_&_IOT/SDK_1.0.3_NUCLEO-F401RE/shared/Middle/button" -I"F:/Embedded_&_IOT/SDK_1.0.3_NUCLEO-F401RE/shared/Middle/buzzer" -I"F:/Embedded_&_IOT/SDK_1.0.3_NUCLEO-F401RE/shared/Middle/led" -I"F:/Embedded_&_IOT/SDK_1.0.3_NUCLEO-F401RE/shared/Middle/rtos" -I"F:/Embedded_&_IOT/SDK_1.0.3_NUCLEO-F401RE/shared/Middle/sensor" -I"F:/Embedded_&_IOT/SDK_1.0.3_NUCLEO-F401RE/shared/Middle/serial" -I"F:/Embedded_&_IOT/SDK_1.0.3_NUCLEO-F401RE/shared/Middle/ucglib" -I"F:/Embedded_&_IOT/SDK_1.0.3_NUCLEO-F401RE/shared/Utilities" -O0 -ffunction-sections -fdata-sections -Wall -fstack-usage -fcyclomatic-complexity -MMD -MP -MF"Src/bai2.d" -MT"Src/bai2.o" --specs=nano.specs -mfpu=fpv4-sp-d16 -mfloat-abi=hard -mthumb -o "Src/bai2.o"
arm-none-eabi-gcc "../Src/syscalls.c" -mcpu=cortex-m4 -std=gnu11 -g3 -DDEBUG -DNUCLEO_F401RE -DSTM32 -DSTM32F401RETx -DSTM32F4 -c -I../Inc -I"F:/Embedded_&_IOT/SDK_1.0.3_NUCLEO-F401RE/shared/Drivers/CMSIS/Include" -I"F:/Embedded_&_IOT/SDK_1.0.3_NUCLEO-F401RE/shared/Drivers/STM32F401RE_StdPeriph_Driver/inc" -I"F:/Embedded_&_IOT/SDK_1.0.3_NUCLEO-F401RE/shared/Middle/button" -I"F:/Embedded_&_IOT/SDK_1.0.3_NUCLEO-F401RE/shared/Middle/buzzer" -I"F:/Embedded_&_IOT/SDK_1.0.3_NUCLEO-F401RE/shared/Middle/led" -I"F:/Embedded_&_IOT/SDK_1.0.3_NUCLEO-F401RE/shared/Middle/rtos" -I"F:/Embedded_&_IOT/SDK_1.0.3_NUCLEO-F401RE/shared/Middle/sensor" -I"F:/Embedded_&_IOT/SDK_1.0.3_NUCLEO-F401RE/shared/Middle/serial" -I"F:/Embedded_&_IOT/SDK_1.0.3_NUCLEO-F401RE/shared/Middle/ucglib" -I"F:/Embedded_&_IOT/SDK_1.0.3_NUCLEO-F401RE/shared/Utilities" -O0 -ffunction-sections -fdata-sections -Wall -fstack-usage -fcyclomatic-complexity -MMD -MP -MF"Src/syscalls.d" -MT"Src/syscalls.o" --specs=nano.specs -mfpu=fpv4-sp-d16 -mfloat-abi=hard -mthumb -o "Src/syscalls.o"
arm-none-eabi-gcc "../Src/sysmem.c" -mcpu=cortex-m4 -std=gnu11 -g3 -DDEBUG -DNUCLEO_F401RE -DSTM32 -DSTM32F401RETx -DSTM32F4 -c -I../Inc -I"F:/Embedded_&_IOT/SDK_1.0.3_NUCLEO-F401RE/shared/Drivers/CMSIS/Include" -I"F:/Embedded_&_IOT/SDK_1.0.3_NUCLEO-F401RE/shared/Drivers/STM32F401RE_StdPeriph_Driver/inc" -I"F:/Embedded_&_IOT/SDK_1.0.3_NUCLEO-F401RE/shared/Middle/button" -I"F:/Embedded_&_IOT/SDK_1.0.3_NUCLEO-F401RE/shared/Middle/buzzer" -I"F:/Embedded_&_IOT/SDK_1.0.3_NUCLEO-F401RE/shared/Middle/led" -I"F:/Embedded_&_IOT/SDK_1.0.3_NUCLEO-F401RE/shared/Middle/rtos" -I"F:/Embedded_&_IOT/SDK_1.0.3_NUCLEO-F401RE/shared/Middle/sensor" -I"F:/Embedded_&_IOT/SDK_1.0.3_NUCLEO-F401RE/shared/Middle/serial" -I"F:/Embedded_&_IOT/SDK_1.0.3_NUCLEO-F401RE/shared/Middle/ucglib" -I"F:/Embedded_&_IOT/SDK_1.0.3_NUCLEO-F401RE/shared/Utilities" -O0 -ffunction-sections -fdata-sections -Wall -fstack-usage -fcyclomatic-complexity -MMD -MP -MF"Src/sysmem.d" -MT"Src/sysmem.o" --specs=nano.specs -mfpu=fpv4-sp-d16 -mfloat-abi=hard -mthumb -o "Src/sysmem.o"
arm-none-eabi-gcc "F:/Embedded_&_IOT/SDK_1.0.3_NUCLEO-F401RE/shared/Utilities/buff.c" -mcpu=cortex-m4 -std=gnu11 -g3 -DDEBUG -DNUCLEO_F401RE -DSTM32 -DSTM32F401RETx -DSTM32F4 -c -I../Inc -I"F:/Embedded_&_IOT/SDK_1.0.3_NUCLEO-F401RE/shared/Drivers/CMSIS/Include" -I"F:/Embedded_&_IOT/SDK_1.0.3_NUCLEO-F401RE/shared/Drivers/STM32F401RE_StdPeriph_Driver/inc" -I"F:/Embedded_&_IOT/SDK_1.0.3_NUCLEO-F401RE/shared/Middle/button" -I"F:/Embedded_&_IOT/SDK_1.0.3_NUCLEO-F401RE/shared/Middle/buzzer" -I"F:/Embedded_&_IOT/SDK_1.0.3_NUCLEO-F401RE/shared/Middle/led" -I"F:/Embedded_&_IOT/SDK_1.0.3_NUCLEO-F401RE/shared/Middle/rtos" -I"F:/Embedded_&_IOT/SDK_1.0.3_NUCLEO-F401RE/shared/Middle/sensor" -I"F:/Embedded_&_IOT/SDK_1.0.3_NUCLEO-F401RE/shared/Middle/serial" -I"F:/Embedded_&_IOT/SDK_1.0.3_NUCLEO-F401RE/shared/Middle/ucglib" -I"F:/Embedded_&_IOT/SDK_1.0.3_NUCLEO-F401RE/shared/Utilities" -O0 -ffunction-sections -fdata-sections -Wall -fstack-usage -fcyclomatic-complexity -MMD -MP -MF"SDK_1.0.3_NUCLEO-F401RE/shared/Utilities/buff.d" -MT"SDK_1.0.3_NUCLEO-F401RE/shared/Utilities/buff.o" --specs=nano.specs -mfpu=fpv4-sp-d16 -mfloat-abi=hard -mthumb -o "SDK_1.0.3_NUCLEO-F401RE/shared/Utilities/buff.o"
arm-none-eabi-gcc "F:/Embedded_&_IOT/SDK_1.0.3_NUCLEO-F401RE/shared/Utilities/utilities.c" -mcpu=cortex-m4 -std=gnu11 -g3 -DDEBUG -DNUCLEO_F401RE -DSTM32 -DSTM32F401RETx -DSTM32F4 -c -I../Inc -I"F:/Embedded_&_IOT/SDK_1.0.3_NUCLEO-F401RE/shared/Drivers/CMSIS/Include" -I"F:/Embedded_&_IOT/SDK_1.0.3_NUCLEO-F401RE/shared/Drivers/STM32F401RE_StdPeriph_Driver/inc" -I"F:/Embedded_&_IOT/SDK_1.0.3_NUCLEO-F401RE/shared/Middle/button" -I"F:/Embedded_&_IOT/SDK_1.0.3_NUCLEO-F401RE/shared/Middle/buzzer" -I"F:/Embedded_&_IOT/SDK_1.0.3_NUCLEO-F401RE/shared/Middle/led" -I"F:/Embedded_&_IOT/SDK_1.0.3_NUCLEO-F401RE/shared/Middle/rtos" -I"F:/Embedded_&_IOT/SDK_1.0.3_NUCLEO-F401RE/shared/Middle/sensor" -I"F:/Embedded_&_IOT/SDK_1.0.3_NUCLEO-F401RE/shared/Middle/serial" -I"F:/Embedded_&_IOT/SDK_1.0.3_NUCLEO-F401RE/shared/Middle/ucglib" -I"F:/Embedded_&_IOT/SDK_1.0.3_NUCLEO-F401RE/shared/Utilities" -O0 -ffunction-sections -fdata-sections -Wall -fstack-usage -fcyclomatic-complexity -MMD -MP -MF"SDK_1.0.3_NUCLEO-F401RE/shared/Utilities/utilities.d" -MT"SDK_1.0.3_NUCLEO-F401RE/shared/Utilities/utilities.o" --specs=nano.specs -mfpu=fpv4-sp-d16 -mfloat-abi=hard -mthumb -o "SDK_1.0.3_NUCLEO-F401RE/shared/Utilities/utilities.o"
arm-none-eabi-gcc "F:/Embedded_&_IOT/SDK_1.0.3_NUCLEO-F401RE/shared/Drivers/STM32F401RE_StdPeriph_Driver/src/stm32f401re_rcc.c" -mcpu=cortex-m4 -std=gnu11 -g3 -DDEBUG -DNUCLEO_F401RE -DSTM32 -DSTM32F401RETx -DSTM32F4 -c -I../Inc -I"F:/Embedded_&_IOT/SDK_1.0.3_NUCLEO-F401RE/shared/Drivers/CMSIS/Include" -I"F:/Embedded_&_IOT/SDK_1.0.3_NUCLEO-F401RE/shared/Drivers/STM32F401RE_StdPeriph_Driver/inc" -I"F:/Embedded_&_IOT/SDK_1.0.3_NUCLEO-F401RE/shared/Middle/button" -I"F:/Embedded_&_IOT/SDK_1.0.3_NUCLEO-F401RE/shared/Middle/buzzer" -I"F:/Embedded_&_IOT/SDK_1.0.3_NUCLEO-F401RE/shared/Middle/led" -I"F:/Embedded_&_IOT/SDK_1.0.3_NUCLEO-F401RE/shared/Middle/rtos" -I"F:/Embedded_&_IOT/SDK_1.0.3_NUCLEO-F401RE/shared/Middle/sensor" -I"F:/Embedded_&_IOT/SDK_1.0.3_NUCLEO-F401RE/shared/Middle/serial" -I"F:/Embedded_&_IOT/SDK_1.0.3_NUCLEO-F401RE/shared/Middle/ucglib" -I"F:/Embedded_&_IOT/SDK_1.0.3_NUCLEO-F401RE/shared/Utilities" -O0 -ffunction-sections -fdata-sections -Wall -fstack-usage -fcyclomatic-complexity -MMD -MP -MF"SDK_1.0.3_NUCLEO-F401RE/shared/Drivers/STM32F401RE_StdPeriph_Driver/src/stm32f401re_rcc.d" -MT"SDK_1.0.3_NUCLEO-F401RE/shared/Drivers/STM32F401RE_StdPeriph_Driver/src/stm32f401re_rcc.o" --specs=nano.specs -mfpu=fpv4-sp-d16 -mfloat-abi=hard -mthumb -o "SDK_1.0.3_NUCLEO-F401RE/shared/Drivers/STM32F401RE_StdPeriph_Driver/src/stm32f401re_rcc.o"
arm-none-eabi-gcc "F:/Embedded_&_IOT/SDK_1.0.3_NUCLEO-F401RE/shared/Drivers/CMSIS/Source/system_stm32f4xx.c" -mcpu=cortex-m4 -std=gnu11 -g3 -DDEBUG -DNUCLEO_F401RE -DSTM32 -DSTM32F401RETx -DSTM32F4 -c -I../Inc -I"F:/Embedded_&_IOT/SDK_1.0.3_NUCLEO-F401RE/shared/Drivers/CMSIS/Include" -I"F:/Embedded_&_IOT/SDK_1.0.3_NUCLEO-F401RE/shared/Drivers/STM32F401RE_StdPeriph_Driver/inc" -I"F:/Embedded_&_IOT/SDK_1.0.3_NUCLEO-F401RE/shared/Middle/button" -I"F:/Embedded_&_IOT/SDK_1.0.3_NUCLEO-F401RE/shared/Middle/buzzer" -I"F:/Embedded_&_IOT/SDK_1.0.3_NUCLEO-F401RE/shared/Middle/led" -I"F:/Embedded_&_IOT/SDK_1.0.3_NUCLEO-F401RE/shared/Middle/rtos" -I"F:/Embedded_&_IOT/SDK_1.0.3_NUCLEO-F401RE/shared/Middle/sensor" -I"F:/Embedded_&_IOT/SDK_1.0.3_NUCLEO-F401RE/shared/Middle/serial" -I"F:/Embedded_&_IOT/SDK_1.0.3_NUCLEO-F401RE/shared/Middle/ucglib" -I"F:/Embedded_&_IOT/SDK_1.0.3_NUCLEO-F401RE/shared/Utilities" -O0 -ffunction-sections -fdata-sections -Wall -fstack-usage -fcyclomatic-complexity -MMD -MP -MF"SDK_1.0.3_NUCLEO-F401RE/shared/Drivers/CMSIS/Source/system_stm32f4xx.d" -MT"SDK_1.0.3_NUCLEO-F401RE/shared/Drivers/CMSIS/Source/system_stm32f4xx.o" --specs=nano.specs -mfpu=fpv4-sp-d16 -mfloat-abi=hard -mthumb -o "SDK_1.0.3_NUCLEO-F401RE/shared/Drivers/CMSIS/Source/system_stm32f4xx.o"
arm-none-eabi-gcc -o "bai4.elf" @"objects.list"  -lLibraries -mcpu=cortex-m4 -T"F:\BaiTap\Buoi1_Nhom_3\bai4\STM32F401RETX_FLASH.ld" --specs=nosys.specs -Wl,-Map="bai4.map" -Wl,--gc-sections -static -L"F:\Embedded_&_IOT\SDK_1.0.3_NUCLEO-F401RE\lib_stm" --specs=nano.specs -mfpu=fpv4-sp-d16 -mfloat-abi=hard -mthumb -Wl,--start-group -lc -lm -Wl,--end-group
Finished building target: bai4.elf
 
arm-none-eabi-size  bai4.elf 
arm-none-eabi-objdump -h -S bai4.elf  > "bai4.list"
   text	   data	    bss	    dec	    hex	filename
   1100	      0	   1568	   2668	    a6c	bai4.elf
Finished building: default.size.stdout
 
Finished building: bai4.list
 
08:12:58 **** Incremental Build of configuration Debug for project Bai2 ****
make -j8 all 
arm-none-eabi-size  Bai2.elf 
   text	   data	    bss	    dec	    hex	filename
  15272	      8	   6264	  21544	   5428	Bai2.elf
Finished building: default.size.stdout
 
08:20:09 **** Incremental Build of configuration Debug for project Bai2 ****
make -j8 all 
arm-none-eabi-size  Bai2.elf 
   text	   data	    bss	    dec	    hex	filename
  15272	      8	   6264	  21544	   5428	Bai2.elf
Finished building: default.size.stdout
 
08:22:46 **** Incremental Build of configuration Debug for project Bai2 ****
make -j8 all 
arm-none-eabi-size  Bai2.elf 
   text	   data	    bss	    dec	    hex	filename
  15272	      8	   6264	  21544	   5428	Bai2.elf
Finished building: default.size.stdout
 
08:23:26 **** Clean-only build of configuration Debug for project bai4 ****
make -j8 clean 
rm -rf ./Startup/startup_stm32f401retx.d ./Startup/startup_stm32f401retx.o
rm -rf ./Src/bai2.cyclo ./Src/bai2.d ./Src/bai2.o ./Src/bai2.su ./Src/syscalls.cyclo ./Src/syscalls.d ./Src/syscalls.o ./Src/syscalls.su ./Src/sysmem.cyclo ./Src/sysmem.d ./Src/sysmem.o ./Src/sysmem.su
rm -rf ./SDK_1.0.3_NUCLEO-F401RE/shared/Utilities/buff.cyclo ./SDK_1.0.3_NUCLEO-F401RE/shared/Utilities/buff.d ./SDK_1.0.3_NUCLEO-F401RE/shared/Utilities/buff.o ./SDK_1.0.3_NUCLEO-F401RE/shared/Utilities/buff.su ./SDK_1.0.3_NUCLEO-F401RE/shared/Utilities/utilities.cyclo ./SDK_1.0.3_NUCLEO-F401RE/shared/Utilities/utilities.d ./SDK_1.0.3_NUCLEO-F401RE/shared/Utilities/utilities.o ./SDK_1.0.3_NUCLEO-F401RE/shared/Utilities/utilities.su
rm -rf ./SDK_1.0.3_NUCLEO-F401RE/shared/Drivers/STM32F401RE_StdPeriph_Driver/src/stm32f401re_rcc.cyclo ./SDK_1.0.3_NUCLEO-F401RE/shared/Drivers/STM32F401RE_StdPeriph_Driver/src/stm32f401re_rcc.d ./SDK_1.0.3_NUCLEO-F401RE/shared/Drivers/STM32F401RE_StdPeriph_Driver/src/stm32f401re_rcc.o ./SDK_1.0.3_NUCLEO-F401RE/shared/Drivers/STM32F401RE_StdPeriph_Driver/src/stm32f401re_rcc.su
rm -rf ./SDK_1.0.3_NUCLEO-F401RE/shared/Drivers/CMSIS/Source/system_stm32f4xx.cyclo ./SDK_1.0.3_NUCLEO-F401RE/shared/Drivers/CMSIS/Source/system_stm32f4xx.d ./SDK_1.0.3_NUCLEO-F401RE/shared/Drivers/CMSIS/Source/system_stm32f4xx.o ./SDK_1.0.3_NUCLEO-F401RE/shared/Drivers/CMSIS/Source/system_stm32f4xx.su
rm -rf bai4.elf bai4.list bai4.map default.size.stdout
 
08:23:26 **** Incremental Build of configuration Debug for project bai4 ****
make -j8 all 
arm-none-eabi-gcc -mcpu=cortex-m4 -g3 -DDEBUG -c -x assembler-with-cpp -MMD -MP -MF"Startup/startup_stm32f401retx.d" -MT"Startup/startup_stm32f401retx.o" --specs=nano.specs -mfpu=fpv4-sp-d16 -mfloat-abi=hard -mthumb -o "Startup/startup_stm32f401retx.o" "../Startup/startup_stm32f401retx.s"
arm-none-eabi-gcc "../Src/bai2.c" -mcpu=cortex-m4 -std=gnu11 -g3 -DDEBUG -DNUCLEO_F401RE -DSTM32 -DSTM32F401RETx -DSTM32F4 -c -I../Inc -I"F:/Embedded_&_IOT/SDK_1.0.3_NUCLEO-F401RE/shared/Drivers/CMSIS/Include" -I"F:/Embedded_&_IOT/SDK_1.0.3_NUCLEO-F401RE/shared/Drivers/STM32F401RE_StdPeriph_Driver/inc" -I"F:/Embedded_&_IOT/SDK_1.0.3_NUCLEO-F401RE/shared/Middle/button" -I"F:/Embedded_&_IOT/SDK_1.0.3_NUCLEO-F401RE/shared/Middle/buzzer" -I"F:/Embedded_&_IOT/SDK_1.0.3_NUCLEO-F401RE/shared/Middle/led" -I"F:/Embedded_&_IOT/SDK_1.0.3_NUCLEO-F401RE/shared/Middle/rtos" -I"F:/Embedded_&_IOT/SDK_1.0.3_NUCLEO-F401RE/shared/Middle/sensor" -I"F:/Embedded_&_IOT/SDK_1.0.3_NUCLEO-F401RE/shared/Middle/serial" -I"F:/Embedded_&_IOT/SDK_1.0.3_NUCLEO-F401RE/shared/Middle/ucglib" -I"F:/Embedded_&_IOT/SDK_1.0.3_NUCLEO-F401RE/shared/Utilities" -O0 -ffunction-sections -fdata-sections -Wall -fstack-usage -fcyclomatic-complexity -MMD -MP -MF"Src/bai2.d" -MT"Src/bai2.o" --specs=nano.specs -mfpu=fpv4-sp-d16 -mfloat-abi=hard -mthumb -o "Src/bai2.o"
arm-none-eabi-gcc "../Src/syscalls.c" -mcpu=cortex-m4 -std=gnu11 -g3 -DDEBUG -DNUCLEO_F401RE -DSTM32 -DSTM32F401RETx -DSTM32F4 -c -I../Inc -I"F:/Embedded_&_IOT/SDK_1.0.3_NUCLEO-F401RE/shared/Drivers/CMSIS/Include" -I"F:/Embedded_&_IOT/SDK_1.0.3_NUCLEO-F401RE/shared/Drivers/STM32F401RE_StdPeriph_Driver/inc" -I"F:/Embedded_&_IOT/SDK_1.0.3_NUCLEO-F401RE/shared/Middle/button" -I"F:/Embedded_&_IOT/SDK_1.0.3_NUCLEO-F401RE/shared/Middle/buzzer" -I"F:/Embedded_&_IOT/SDK_1.0.3_NUCLEO-F401RE/shared/Middle/led" -I"F:/Embedded_&_IOT/SDK_1.0.3_NUCLEO-F401RE/shared/Middle/rtos" -I"F:/Embedded_&_IOT/SDK_1.0.3_NUCLEO-F401RE/shared/Middle/sensor" -I"F:/Embedded_&_IOT/SDK_1.0.3_NUCLEO-F401RE/shared/Middle/serial" -I"F:/Embedded_&_IOT/SDK_1.0.3_NUCLEO-F401RE/shared/Middle/ucglib" -I"F:/Embedded_&_IOT/SDK_1.0.3_NUCLEO-F401RE/shared/Utilities" -O0 -ffunction-sections -fdata-sections -Wall -fstack-usage -fcyclomatic-complexity -MMD -MP -MF"Src/syscalls.d" -MT"Src/syscalls.o" --specs=nano.specs -mfpu=fpv4-sp-d16 -mfloat-abi=hard -mthumb -o "Src/syscalls.o"
arm-none-eabi-gcc "../Src/sysmem.c" -mcpu=cortex-m4 -std=gnu11 -g3 -DDEBUG -DNUCLEO_F401RE -DSTM32 -DSTM32F401RETx -DSTM32F4 -c -I../Inc -I"F:/Embedded_&_IOT/SDK_1.0.3_NUCLEO-F401RE/shared/Drivers/CMSIS/Include" -I"F:/Embedded_&_IOT/SDK_1.0.3_NUCLEO-F401RE/shared/Drivers/STM32F401RE_StdPeriph_Driver/inc" -I"F:/Embedded_&_IOT/SDK_1.0.3_NUCLEO-F401RE/shared/Middle/button" -I"F:/Embedded_&_IOT/SDK_1.0.3_NUCLEO-F401RE/shared/Middle/buzzer" -I"F:/Embedded_&_IOT/SDK_1.0.3_NUCLEO-F401RE/shared/Middle/led" -I"F:/Embedded_&_IOT/SDK_1.0.3_NUCLEO-F401RE/shared/Middle/rtos" -I"F:/Embedded_&_IOT/SDK_1.0.3_NUCLEO-F401RE/shared/Middle/sensor" -I"F:/Embedded_&_IOT/SDK_1.0.3_NUCLEO-F401RE/shared/Middle/serial" -I"F:/Embedded_&_IOT/SDK_1.0.3_NUCLEO-F401RE/shared/Middle/ucglib" -I"F:/Embedded_&_IOT/SDK_1.0.3_NUCLEO-F401RE/shared/Utilities" -O0 -ffunction-sections -fdata-sections -Wall -fstack-usage -fcyclomatic-complexity -MMD -MP -MF"Src/sysmem.d" -MT"Src/sysmem.o" --specs=nano.specs -mfpu=fpv4-sp-d16 -mfloat-abi=hard -mthumb -o "Src/sysmem.o"
arm-none-eabi-gcc "F:/Embedded_&_IOT/SDK_1.0.3_NUCLEO-F401RE/shared/Utilities/buff.c" -mcpu=cortex-m4 -std=gnu11 -g3 -DDEBUG -DNUCLEO_F401RE -DSTM32 -DSTM32F401RETx -DSTM32F4 -c -I../Inc -I"F:/Embedded_&_IOT/SDK_1.0.3_NUCLEO-F401RE/shared/Drivers/CMSIS/Include" -I"F:/Embedded_&_IOT/SDK_1.0.3_NUCLEO-F401RE/shared/Drivers/STM32F401RE_StdPeriph_Driver/inc" -I"F:/Embedded_&_IOT/SDK_1.0.3_NUCLEO-F401RE/shared/Middle/button" -I"F:/Embedded_&_IOT/SDK_1.0.3_NUCLEO-F401RE/shared/Middle/buzzer" -I"F:/Embedded_&_IOT/SDK_1.0.3_NUCLEO-F401RE/shared/Middle/led" -I"F:/Embedded_&_IOT/SDK_1.0.3_NUCLEO-F401RE/shared/Middle/rtos" -I"F:/Embedded_&_IOT/SDK_1.0.3_NUCLEO-F401RE/shared/Middle/sensor" -I"F:/Embedded_&_IOT/SDK_1.0.3_NUCLEO-F401RE/shared/Middle/serial" -I"F:/Embedded_&_IOT/SDK_1.0.3_NUCLEO-F401RE/shared/Middle/ucglib" -I"F:/Embedded_&_IOT/SDK_1.0.3_NUCLEO-F401RE/shared/Utilities" -O0 -ffunction-sections -fdata-sections -Wall -fstack-usage -fcyclomatic-complexity -MMD -MP -MF"SDK_1.0.3_NUCLEO-F401RE/shared/Utilities/buff.d" -MT"SDK_1.0.3_NUCLEO-F401RE/shared/Utilities/buff.o" --specs=nano.specs -mfpu=fpv4-sp-d16 -mfloat-abi=hard -mthumb -o "SDK_1.0.3_NUCLEO-F401RE/shared/Utilities/buff.o"
arm-none-eabi-gcc "F:/Embedded_&_IOT/SDK_1.0.3_NUCLEO-F401RE/shared/Utilities/utilities.c" -mcpu=cortex-m4 -std=gnu11 -g3 -DDEBUG -DNUCLEO_F401RE -DSTM32 -DSTM32F401RETx -DSTM32F4 -c -I../Inc -I"F:/Embedded_&_IOT/SDK_1.0.3_NUCLEO-F401RE/shared/Drivers/CMSIS/Include" -I"F:/Embedded_&_IOT/SDK_1.0.3_NUCLEO-F401RE/shared/Drivers/STM32F401RE_StdPeriph_Driver/inc" -I"F:/Embedded_&_IOT/SDK_1.0.3_NUCLEO-F401RE/shared/Middle/button" -I"F:/Embedded_&_IOT/SDK_1.0.3_NUCLEO-F401RE/shared/Middle/buzzer" -I"F:/Embedded_&_IOT/SDK_1.0.3_NUCLEO-F401RE/shared/Middle/led" -I"F:/Embedded_&_IOT/SDK_1.0.3_NUCLEO-F401RE/shared/Middle/rtos" -I"F:/Embedded_&_IOT/SDK_1.0.3_NUCLEO-F401RE/shared/Middle/sensor" -I"F:/Embedded_&_IOT/SDK_1.0.3_NUCLEO-F401RE/shared/Middle/serial" -I"F:/Embedded_&_IOT/SDK_1.0.3_NUCLEO-F401RE/shared/Middle/ucglib" -I"F:/Embedded_&_IOT/SDK_1.0.3_NUCLEO-F401RE/shared/Utilities" -O0 -ffunction-sections -fdata-sections -Wall -fstack-usage -fcyclomatic-complexity -MMD -MP -MF"SDK_1.0.3_NUCLEO-F401RE/shared/Utilities/utilities.d" -MT"SDK_1.0.3_NUCLEO-F401RE/shared/Utilities/utilities.o" --specs=nano.specs -mfpu=fpv4-sp-d16 -mfloat-abi=hard -mthumb -o "SDK_1.0.3_NUCLEO-F401RE/shared/Utilities/utilities.o"
arm-none-eabi-gcc "F:/Embedded_&_IOT/SDK_1.0.3_NUCLEO-F401RE/shared/Drivers/STM32F401RE_StdPeriph_Driver/src/stm32f401re_rcc.c" -mcpu=cortex-m4 -std=gnu11 -g3 -DDEBUG -DNUCLEO_F401RE -DSTM32 -DSTM32F401RETx -DSTM32F4 -c -I../Inc -I"F:/Embedded_&_IOT/SDK_1.0.3_NUCLEO-F401RE/shared/Drivers/CMSIS/Include" -I"F:/Embedded_&_IOT/SDK_1.0.3_NUCLEO-F401RE/shared/Drivers/STM32F401RE_StdPeriph_Driver/inc" -I"F:/Embedded_&_IOT/SDK_1.0.3_NUCLEO-F401RE/shared/Middle/button" -I"F:/Embedded_&_IOT/SDK_1.0.3_NUCLEO-F401RE/shared/Middle/buzzer" -I"F:/Embedded_&_IOT/SDK_1.0.3_NUCLEO-F401RE/shared/Middle/led" -I"F:/Embedded_&_IOT/SDK_1.0.3_NUCLEO-F401RE/shared/Middle/rtos" -I"F:/Embedded_&_IOT/SDK_1.0.3_NUCLEO-F401RE/shared/Middle/sensor" -I"F:/Embedded_&_IOT/SDK_1.0.3_NUCLEO-F401RE/shared/Middle/serial" -I"F:/Embedded_&_IOT/SDK_1.0.3_NUCLEO-F401RE/shared/Middle/ucglib" -I"F:/Embedded_&_IOT/SDK_1.0.3_NUCLEO-F401RE/shared/Utilities" -O0 -ffunction-sections -fdata-sections -Wall -fstack-usage -fcyclomatic-complexity -MMD -MP -MF"SDK_1.0.3_NUCLEO-F401RE/shared/Drivers/STM32F401RE_StdPeriph_Driver/src/stm32f401re_rcc.d" -MT"SDK_1.0.3_NUCLEO-F401RE/shared/Drivers/STM32F401RE_StdPeriph_Driver/src/stm32f401re_rcc.o" --specs=nano.specs -mfpu=fpv4-sp-d16 -mfloat-abi=hard -mthumb -o "SDK_1.0.3_NUCLEO-F401RE/shared/Drivers/STM32F401RE_StdPeriph_Driver/src/stm32f401re_rcc.o"
arm-none-eabi-gcc "F:/Embedded_&_IOT/SDK_1.0.3_NUCLEO-F401RE/shared/Drivers/CMSIS/Source/system_stm32f4xx.c" -mcpu=cortex-m4 -std=gnu11 -g3 -DDEBUG -DNUCLEO_F401RE -DSTM32 -DSTM32F401RETx -DSTM32F4 -c -I../Inc -I"F:/Embedded_&_IOT/SDK_1.0.3_NUCLEO-F401RE/shared/Drivers/CMSIS/Include" -I"F:/Embedded_&_IOT/SDK_1.0.3_NUCLEO-F401RE/shared/Drivers/STM32F401RE_StdPeriph_Driver/inc" -I"F:/Embedded_&_IOT/SDK_1.0.3_NUCLEO-F401RE/shared/Middle/button" -I"F:/Embedded_&_IOT/SDK_1.0.3_NUCLEO-F401RE/shared/Middle/buzzer" -I"F:/Embedded_&_IOT/SDK_1.0.3_NUCLEO-F401RE/shared/Middle/led" -I"F:/Embedded_&_IOT/SDK_1.0.3_NUCLEO-F401RE/shared/Middle/rtos" -I"F:/Embedded_&_IOT/SDK_1.0.3_NUCLEO-F401RE/shared/Middle/sensor" -I"F:/Embedded_&_IOT/SDK_1.0.3_NUCLEO-F401RE/shared/Middle/serial" -I"F:/Embedded_&_IOT/SDK_1.0.3_NUCLEO-F401RE/shared/Middle/ucglib" -I"F:/Embedded_&_IOT/SDK_1.0.3_NUCLEO-F401RE/shared/Utilities" -O0 -ffunction-sections -fdata-sections -Wall -fstack-usage -fcyclomatic-complexity -MMD -MP -MF"SDK_1.0.3_NUCLEO-F401RE/shared/Drivers/CMSIS/Source/system_stm32f4xx.d" -MT"SDK_1.0.3_NUCLEO-F401RE/shared/Drivers/CMSIS/Source/system_stm32f4xx.o" --specs=nano.specs -mfpu=fpv4-sp-d16 -mfloat-abi=hard -mthumb -o "SDK_1.0.3_NUCLEO-F401RE/shared/Drivers/CMSIS/Source/system_stm32f4xx.o"
arm-none-eabi-gcc -o "bai4.elf" @"objects.list"  -lLibraries -mcpu=cortex-m4 -T"F:\BaiTap\Buoi1_Nhom_3\bai4\STM32F401RETX_FLASH.ld" --specs=nosys.specs -Wl,-Map="bai4.map" -Wl,--gc-sections -static -L"F:\Embedded_&_IOT\SDK_1.0.3_NUCLEO-F401RE\lib_stm" --specs=nano.specs -mfpu=fpv4-sp-d16 -mfloat-abi=hard -mthumb -Wl,--start-group -lc -lm -Wl,--end-group
Finished building target: bai4.elf
 
arm-none-eabi-size  bai4.elf 
arm-none-eabi-objdump -h -S bai4.elf  > "bai4.list"
   text	   data	    bss	    dec	    hex	filename
   1100	      0	   1568	   2668	    a6c	bai4.elf
Finished building: default.size.stdout
 
Finished building: bai4.list
 
08:24:01 **** Incremental Build of configuration Debug for project bai4 ****
make -j8 all 
arm-none-eabi-size  bai4.elf 
   text	   data	    bss	    dec	    hex	filename
   1100	      0	   1568	   2668	    a6c	bai4.elf
Finished building: default.size.stdout
 
08:24:36 **** Incremental Build of configuration Debug for project bai4 ****
make -j8 all 
arm-none-eabi-size  bai4.elf 
   text	   data	    bss	    dec	    hex	filename
   1100	      0	   1568	   2668	    a6c	bai4.elf
Finished building: default.size.stdout
 
08:24:58 **** Incremental Build of configuration Debug for project Bai2 ****
make -j8 all 
arm-none-eabi-size  Bai2.elf 
   text	   data	    bss	    dec	    hex	filename
  15272	      8	   6264	  21544	   5428	Bai2.elf
Finished building: default.size.stdout
 
08:40:12 **** Clean-only build of configuration Debug for project bai4 ****
make -j8 clean 
rm -rf ./Startup/startup_stm32f401retx.d ./Startup/startup_stm32f401retx.o
rm -rf ./Src/bai2.cyclo ./Src/bai2.d ./Src/bai2.o ./Src/bai2.su ./Src/syscalls.cyclo ./Src/syscalls.d ./Src/syscalls.o ./Src/syscalls.su ./Src/sysmem.cyclo ./Src/sysmem.d ./Src/sysmem.o ./Src/sysmem.su
rm -rf ./SDK_1.0.3_NUCLEO-F401RE/shared/Utilities/buff.cyclo ./SDK_1.0.3_NUCLEO-F401RE/shared/Utilities/buff.d ./SDK_1.0.3_NUCLEO-F401RE/shared/Utilities/buff.o ./SDK_1.0.3_NUCLEO-F401RE/shared/Utilities/buff.su ./SDK_1.0.3_NUCLEO-F401RE/shared/Utilities/utilities.cyclo ./SDK_1.0.3_NUCLEO-F401RE/shared/Utilities/utilities.d ./SDK_1.0.3_NUCLEO-F401RE/shared/Utilities/utilities.o ./SDK_1.0.3_NUCLEO-F401RE/shared/Utilities/utilities.su
rm -rf ./SDK_1.0.3_NUCLEO-F401RE/shared/Drivers/STM32F401RE_StdPeriph_Driver/src/stm32f401re_rcc.cyclo ./SDK_1.0.3_NUCLEO-F401RE/shared/Drivers/STM32F401RE_StdPeriph_Driver/src/stm32f401re_rcc.d ./SDK_1.0.3_NUCLEO-F401RE/shared/Drivers/STM32F401RE_StdPeriph_Driver/src/stm32f401re_rcc.o ./SDK_1.0.3_NUCLEO-F401RE/shared/Drivers/STM32F401RE_StdPeriph_Driver/src/stm32f401re_rcc.su
rm -rf ./SDK_1.0.3_NUCLEO-F401RE/shared/Drivers/CMSIS/Source/system_stm32f4xx.cyclo ./SDK_1.0.3_NUCLEO-F401RE/shared/Drivers/CMSIS/Source/system_stm32f4xx.d ./SDK_1.0.3_NUCLEO-F401RE/shared/Drivers/CMSIS/Source/system_stm32f4xx.o ./SDK_1.0.3_NUCLEO-F401RE/shared/Drivers/CMSIS/Source/system_stm32f4xx.su
rm -rf bai4.elf bai4.list bai4.map default.size.stdout
 
08:40:12 **** Incremental Build of configuration Debug for project bai4 ****
make -j8 all 
arm-none-eabi-gcc -mcpu=cortex-m4 -g3 -DDEBUG -c -x assembler-with-cpp -MMD -MP -MF"Startup/startup_stm32f401retx.d" -MT"Startup/startup_stm32f401retx.o" --specs=nano.specs -mfpu=fpv4-sp-d16 -mfloat-abi=hard -mthumb -o "Startup/startup_stm32f401retx.o" "../Startup/startup_stm32f401retx.s"
arm-none-eabi-gcc "../Src/bai2.c" -mcpu=cortex-m4 -std=gnu11 -g3 -DDEBUG -DNUCLEO_F401RE -DSTM32 -DSTM32F401RETx -DSTM32F4 -c -I../Inc -I"F:/Embedded_&_IOT/SDK_1.0.3_NUCLEO-F401RE/shared/Drivers/CMSIS/Include" -I"F:/Embedded_&_IOT/SDK_1.0.3_NUCLEO-F401RE/shared/Drivers/STM32F401RE_StdPeriph_Driver/inc" -I"F:/Embedded_&_IOT/SDK_1.0.3_NUCLEO-F401RE/shared/Middle/button" -I"F:/Embedded_&_IOT/SDK_1.0.3_NUCLEO-F401RE/shared/Middle/buzzer" -I"F:/Embedded_&_IOT/SDK_1.0.3_NUCLEO-F401RE/shared/Middle/led" -I"F:/Embedded_&_IOT/SDK_1.0.3_NUCLEO-F401RE/shared/Middle/rtos" -I"F:/Embedded_&_IOT/SDK_1.0.3_NUCLEO-F401RE/shared/Middle/sensor" -I"F:/Embedded_&_IOT/SDK_1.0.3_NUCLEO-F401RE/shared/Middle/serial" -I"F:/Embedded_&_IOT/SDK_1.0.3_NUCLEO-F401RE/shared/Middle/ucglib" -I"F:/Embedded_&_IOT/SDK_1.0.3_NUCLEO-F401RE/shared/Utilities" -O0 -ffunction-sections -fdata-sections -Wall -fstack-usage -fcyclomatic-complexity -MMD -MP -MF"Src/bai2.d" -MT"Src/bai2.o" --specs=nano.specs -mfpu=fpv4-sp-d16 -mfloat-abi=hard -mthumb -o "Src/bai2.o"
arm-none-eabi-gcc "../Src/syscalls.c" -mcpu=cortex-m4 -std=gnu11 -g3 -DDEBUG -DNUCLEO_F401RE -DSTM32 -DSTM32F401RETx -DSTM32F4 -c -I../Inc -I"F:/Embedded_&_IOT/SDK_1.0.3_NUCLEO-F401RE/shared/Drivers/CMSIS/Include" -I"F:/Embedded_&_IOT/SDK_1.0.3_NUCLEO-F401RE/shared/Drivers/STM32F401RE_StdPeriph_Driver/inc" -I"F:/Embedded_&_IOT/SDK_1.0.3_NUCLEO-F401RE/shared/Middle/button" -I"F:/Embedded_&_IOT/SDK_1.0.3_NUCLEO-F401RE/shared/Middle/buzzer" -I"F:/Embedded_&_IOT/SDK_1.0.3_NUCLEO-F401RE/shared/Middle/led" -I"F:/Embedded_&_IOT/SDK_1.0.3_NUCLEO-F401RE/shared/Middle/rtos" -I"F:/Embedded_&_IOT/SDK_1.0.3_NUCLEO-F401RE/shared/Middle/sensor" -I"F:/Embedded_&_IOT/SDK_1.0.3_NUCLEO-F401RE/shared/Middle/serial" -I"F:/Embedded_&_IOT/SDK_1.0.3_NUCLEO-F401RE/shared/Middle/ucglib" -I"F:/Embedded_&_IOT/SDK_1.0.3_NUCLEO-F401RE/shared/Utilities" -O0 -ffunction-sections -fdata-sections -Wall -fstack-usage -fcyclomatic-complexity -MMD -MP -MF"Src/syscalls.d" -MT"Src/syscalls.o" --specs=nano.specs -mfpu=fpv4-sp-d16 -mfloat-abi=hard -mthumb -o "Src/syscalls.o"
arm-none-eabi-gcc "../Src/sysmem.c" -mcpu=cortex-m4 -std=gnu11 -g3 -DDEBUG -DNUCLEO_F401RE -DSTM32 -DSTM32F401RETx -DSTM32F4 -c -I../Inc -I"F:/Embedded_&_IOT/SDK_1.0.3_NUCLEO-F401RE/shared/Drivers/CMSIS/Include" -I"F:/Embedded_&_IOT/SDK_1.0.3_NUCLEO-F401RE/shared/Drivers/STM32F401RE_StdPeriph_Driver/inc" -I"F:/Embedded_&_IOT/SDK_1.0.3_NUCLEO-F401RE/shared/Middle/button" -I"F:/Embedded_&_IOT/SDK_1.0.3_NUCLEO-F401RE/shared/Middle/buzzer" -I"F:/Embedded_&_IOT/SDK_1.0.3_NUCLEO-F401RE/shared/Middle/led" -I"F:/Embedded_&_IOT/SDK_1.0.3_NUCLEO-F401RE/shared/Middle/rtos" -I"F:/Embedded_&_IOT/SDK_1.0.3_NUCLEO-F401RE/shared/Middle/sensor" -I"F:/Embedded_&_IOT/SDK_1.0.3_NUCLEO-F401RE/shared/Middle/serial" -I"F:/Embedded_&_IOT/SDK_1.0.3_NUCLEO-F401RE/shared/Middle/ucglib" -I"F:/Embedded_&_IOT/SDK_1.0.3_NUCLEO-F401RE/shared/Utilities" -O0 -ffunction-sections -fdata-sections -Wall -fstack-usage -fcyclomatic-complexity -MMD -MP -MF"Src/sysmem.d" -MT"Src/sysmem.o" --specs=nano.specs -mfpu=fpv4-sp-d16 -mfloat-abi=hard -mthumb -o "Src/sysmem.o"
arm-none-eabi-gcc "F:/Embedded_&_IOT/SDK_1.0.3_NUCLEO-F401RE/shared/Utilities/buff.c" -mcpu=cortex-m4 -std=gnu11 -g3 -DDEBUG -DNUCLEO_F401RE -DSTM32 -DSTM32F401RETx -DSTM32F4 -c -I../Inc -I"F:/Embedded_&_IOT/SDK_1.0.3_NUCLEO-F401RE/shared/Drivers/CMSIS/Include" -I"F:/Embedded_&_IOT/SDK_1.0.3_NUCLEO-F401RE/shared/Drivers/STM32F401RE_StdPeriph_Driver/inc" -I"F:/Embedded_&_IOT/SDK_1.0.3_NUCLEO-F401RE/shared/Middle/button" -I"F:/Embedded_&_IOT/SDK_1.0.3_NUCLEO-F401RE/shared/Middle/buzzer" -I"F:/Embedded_&_IOT/SDK_1.0.3_NUCLEO-F401RE/shared/Middle/led" -I"F:/Embedded_&_IOT/SDK_1.0.3_NUCLEO-F401RE/shared/Middle/rtos" -I"F:/Embedded_&_IOT/SDK_1.0.3_NUCLEO-F401RE/shared/Middle/sensor" -I"F:/Embedded_&_IOT/SDK_1.0.3_NUCLEO-F401RE/shared/Middle/serial" -I"F:/Embedded_&_IOT/SDK_1.0.3_NUCLEO-F401RE/shared/Middle/ucglib" -I"F:/Embedded_&_IOT/SDK_1.0.3_NUCLEO-F401RE/shared/Utilities" -O0 -ffunction-sections -fdata-sections -Wall -fstack-usage -fcyclomatic-complexity -MMD -MP -MF"SDK_1.0.3_NUCLEO-F401RE/shared/Utilities/buff.d" -MT"SDK_1.0.3_NUCLEO-F401RE/shared/Utilities/buff.o" --specs=nano.specs -mfpu=fpv4-sp-d16 -mfloat-abi=hard -mthumb -o "SDK_1.0.3_NUCLEO-F401RE/shared/Utilities/buff.o"
arm-none-eabi-gcc "F:/Embedded_&_IOT/SDK_1.0.3_NUCLEO-F401RE/shared/Utilities/utilities.c" -mcpu=cortex-m4 -std=gnu11 -g3 -DDEBUG -DNUCLEO_F401RE -DSTM32 -DSTM32F401RETx -DSTM32F4 -c -I../Inc -I"F:/Embedded_&_IOT/SDK_1.0.3_NUCLEO-F401RE/shared/Drivers/CMSIS/Include" -I"F:/Embedded_&_IOT/SDK_1.0.3_NUCLEO-F401RE/shared/Drivers/STM32F401RE_StdPeriph_Driver/inc" -I"F:/Embedded_&_IOT/SDK_1.0.3_NUCLEO-F401RE/shared/Middle/button" -I"F:/Embedded_&_IOT/SDK_1.0.3_NUCLEO-F401RE/shared/Middle/buzzer" -I"F:/Embedded_&_IOT/SDK_1.0.3_NUCLEO-F401RE/shared/Middle/led" -I"F:/Embedded_&_IOT/SDK_1.0.3_NUCLEO-F401RE/shared/Middle/rtos" -I"F:/Embedded_&_IOT/SDK_1.0.3_NUCLEO-F401RE/shared/Middle/sensor" -I"F:/Embedded_&_IOT/SDK_1.0.3_NUCLEO-F401RE/shared/Middle/serial" -I"F:/Embedded_&_IOT/SDK_1.0.3_NUCLEO-F401RE/shared/Middle/ucglib" -I"F:/Embedded_&_IOT/SDK_1.0.3_NUCLEO-F401RE/shared/Utilities" -O0 -ffunction-sections -fdata-sections -Wall -fstack-usage -fcyclomatic-complexity -MMD -MP -MF"SDK_1.0.3_NUCLEO-F401RE/shared/Utilities/utilities.d" -MT"SDK_1.0.3_NUCLEO-F401RE/shared/Utilities/utilities.o" --specs=nano.specs -mfpu=fpv4-sp-d16 -mfloat-abi=hard -mthumb -o "SDK_1.0.3_NUCLEO-F401RE/shared/Utilities/utilities.o"
arm-none-eabi-gcc "F:/Embedded_&_IOT/SDK_1.0.3_NUCLEO-F401RE/shared/Drivers/STM32F401RE_StdPeriph_Driver/src/stm32f401re_rcc.c" -mcpu=cortex-m4 -std=gnu11 -g3 -DDEBUG -DNUCLEO_F401RE -DSTM32 -DSTM32F401RETx -DSTM32F4 -c -I../Inc -I"F:/Embedded_&_IOT/SDK_1.0.3_NUCLEO-F401RE/shared/Drivers/CMSIS/Include" -I"F:/Embedded_&_IOT/SDK_1.0.3_NUCLEO-F401RE/shared/Drivers/STM32F401RE_StdPeriph_Driver/inc" -I"F:/Embedded_&_IOT/SDK_1.0.3_NUCLEO-F401RE/shared/Middle/button" -I"F:/Embedded_&_IOT/SDK_1.0.3_NUCLEO-F401RE/shared/Middle/buzzer" -I"F:/Embedded_&_IOT/SDK_1.0.3_NUCLEO-F401RE/shared/Middle/led" -I"F:/Embedded_&_IOT/SDK_1.0.3_NUCLEO-F401RE/shared/Middle/rtos" -I"F:/Embedded_&_IOT/SDK_1.0.3_NUCLEO-F401RE/shared/Middle/sensor" -I"F:/Embedded_&_IOT/SDK_1.0.3_NUCLEO-F401RE/shared/Middle/serial" -I"F:/Embedded_&_IOT/SDK_1.0.3_NUCLEO-F401RE/shared/Middle/ucglib" -I"F:/Embedded_&_IOT/SDK_1.0.3_NUCLEO-F401RE/shared/Utilities" -O0 -ffunction-sections -fdata-sections -Wall -fstack-usage -fcyclomatic-complexity -MMD -MP -MF"SDK_1.0.3_NUCLEO-F401RE/shared/Drivers/STM32F401RE_StdPeriph_Driver/src/stm32f401re_rcc.d" -MT"SDK_1.0.3_NUCLEO-F401RE/shared/Drivers/STM32F401RE_StdPeriph_Driver/src/stm32f401re_rcc.o" --specs=nano.specs -mfpu=fpv4-sp-d16 -mfloat-abi=hard -mthumb -o "SDK_1.0.3_NUCLEO-F401RE/shared/Drivers/STM32F401RE_StdPeriph_Driver/src/stm32f401re_rcc.o"
arm-none-eabi-gcc "F:/Embedded_&_IOT/SDK_1.0.3_NUCLEO-F401RE/shared/Drivers/CMSIS/Source/system_stm32f4xx.c" -mcpu=cortex-m4 -std=gnu11 -g3 -DDEBUG -DNUCLEO_F401RE -DSTM32 -DSTM32F401RETx -DSTM32F4 -c -I../Inc -I"F:/Embedded_&_IOT/SDK_1.0.3_NUCLEO-F401RE/shared/Drivers/CMSIS/Include" -I"F:/Embedded_&_IOT/SDK_1.0.3_NUCLEO-F401RE/shared/Drivers/STM32F401RE_StdPeriph_Driver/inc" -I"F:/Embedded_&_IOT/SDK_1.0.3_NUCLEO-F401RE/shared/Middle/button" -I"F:/Embedded_&_IOT/SDK_1.0.3_NUCLEO-F401RE/shared/Middle/buzzer" -I"F:/Embedded_&_IOT/SDK_1.0.3_NUCLEO-F401RE/shared/Middle/led" -I"F:/Embedded_&_IOT/SDK_1.0.3_NUCLEO-F401RE/shared/Middle/rtos" -I"F:/Embedded_&_IOT/SDK_1.0.3_NUCLEO-F401RE/shared/Middle/sensor" -I"F:/Embedded_&_IOT/SDK_1.0.3_NUCLEO-F401RE/shared/Middle/serial" -I"F:/Embedded_&_IOT/SDK_1.0.3_NUCLEO-F401RE/shared/Middle/ucglib" -I"F:/Embedded_&_IOT/SDK_1.0.3_NUCLEO-F401RE/shared/Utilities" -O0 -ffunction-sections -fdata-sections -Wall -fstack-usage -fcyclomatic-complexity -MMD -MP -MF"SDK_1.0.3_NUCLEO-F401RE/shared/Drivers/CMSIS/Source/system_stm32f4xx.d" -MT"SDK_1.0.3_NUCLEO-F401RE/shared/Drivers/CMSIS/Source/system_stm32f4xx.o" --specs=nano.specs -mfpu=fpv4-sp-d16 -mfloat-abi=hard -mthumb -o "SDK_1.0.3_NUCLEO-F401RE/shared/Drivers/CMSIS/Source/system_stm32f4xx.o"
arm-none-eabi-gcc -o "bai4.elf" @"objects.list"  -lLibraries -mcpu=cortex-m4 -T"F:\BaiTap\Buoi1_Nhom_3\bai4\STM32F401RETX_FLASH.ld" --specs=nosys.specs -Wl,-Map="bai4.map" -Wl,--gc-sections -static -L"F:\Embedded_&_IOT\SDK_1.0.3_NUCLEO-F401RE\lib_stm" --specs=nano.specs -mfpu=fpv4-sp-d16 -mfloat-abi=hard -mthumb -Wl,--start-group -lc -lm -Wl,--end-group
Finished building target: bai4.elf
 
arm-none-eabi-size  bai4.elf 
arm-none-eabi-objdump -h -S bai4.elf  > "bai4.list"
   text	   data	    bss	    dec	    hex	filename
   1100	      0	   1568	   2668	    a6c	bai4.elf
Finished building: default.size.stdout
 
Finished building: bai4.list
 
08:42:48 **** Incremental Build of configuration Debug for project bai4 ****
make -j8 all 
arm-none-eabi-size  bai4.elf 
   text	   data	    bss	    dec	    hex	filename
   1100	      0	   1568	   2668	    a6c	bai4.elf
Finished building: default.size.stdout
 
